MLX service ready; reusing the requested model.
[tool] search_studies
[tool] get_study
[tool-error] verify_doi: Tool is not currently advertised: verify_doi
[tool] plan_asset
[tool] download_asset
[tool] prepare_3ca_dataset
[tool] fetch_reactome_metabolic_genes
[tool-error] inspect_research_table: Tool is not currently advertised: inspect_research_table
[tool-error] run_shell: Tool is not currently advertised: run_shell
[tool-error] run_shell: Tool is not currently advertised: run_shell
[tool-error] run_shell: Tool is not currently advertised: run_shell
[tool-error] run_shell: Tool is not currently advertised: run_shell
[tool-error] run_shell: Tool is not currently advertised: run_shell
[tool-error] run_shell: Tool is not currently advertised: run_shell
[tool-error] run_shell: Tool is not currently advertised: run_shell
[tool] analyze_metabolic_states
[tool] verify_doi
[tool] list_files
[auto-continue] phase=report_and_manifest; completion not verified
[tool] read_file
[auto-continue] phase=report_and_manifest; completion not verified
[tool] list_files
[tool] write_file
[tool] write_file
[tool] write_file
[tool] build_research_report
[tool-error] build_research_report: {"error": "tectonic failed with exit code 1.\nReported diagnostic: main.tex:47: Missing $ inserted\nNearby source:\n44: \n45: \\subsection{Feature Scaling}\n46: \n47: Features were scaled using Scanpy's scale function with zero_center=False and max_value=10.\n48: \n49: \\subsection{Clustering}\nPossible unescaped '_' outside math/reference keys (LaTeX may report the later use site):\n43: where $x_{ij}$ is the raw UMI count for gene $i$ in cell $j$, $L_j$ is the library size for cell $j$, and the final scaling factor of 10,000 normalizes expression values.\n47: Features were scaled using Scanpy's scale function with zero_center=False and max_value=10.\n115: The following confounders were checked: patient, sample, source, cell_type, cell_subtype, cell_cycle_phase, complexity, computed_total_counts, computed_detected_genes, and computed_mito_percent.\n122:     \\item cell_type: 0.507\n123:     \\item cell_subtype: 0.658\n124:     \\item cell_cycle_phase: 0.195\nFull compiler output is saved in main.log."}
[tool] replace_in_file
[tool] build_research_report
[tool-error] build_research_report: {"error": "tectonic failed with exit code 1.\nReported diagnostic: main.tex:115: Missing $ inserted\nNearby source:\n112: \n113: \\subsection{Confounder Analysis}\n114: \n115: The following confounders were checked: patient, sample, source, cell_type, cell_subtype, cell_cycle_phase, complexity, computed_total_counts, computed_detected_genes, and computed_mito_percent.\n116: \n117: Categorical confounder NMI values:\nPossible unescaped '_' outside math/reference keys (LaTeX may report the later use site):\n43: where $x_{ij}$ is the raw UMI count for gene $i$ in cell $j$, $L_j$ is the library size for cell $j$, and the final scaling factor of 10,000 normalizes expression values.\n115: The following confounders were checked: patient, sample, source, cell_type, cell_subtype, cell_cycle_phase, complexity, computed_total_counts, computed_detected_genes, and computed_mito_percent.\n122:     \\item cell_type: 0.507\n123:     \\item cell_subtype: 0.658\n124:     \\item cell_cycle_phase: 0.195\nFull compiler output is saved in main.log."}
[tool] replace_in_file
[tool-error] replace_in_file: Tool is not currently advertised: replace_in_file
[tool-error] write_file: Tool is not currently advertised: write_file
[tool-error] run_shell: Tool is not currently advertised: run_shell
[auto-continue] phase=report_build; completion not verified
[tool-error] read_file: Tool is not currently advertised: read_file
[tool-error] run_shell: Tool is not currently advertised: run_shell
[tool-error] write_file: Tool is not currently advertised: write_file
[tool] task_checkpoint
[tool-error] run_shell: Tool is not currently advertised: run_shell
[tool] build_research_report
[tool-error] build_research_report: {"error": "tectonic failed with exit code 1.\nReported diagnostic: main.tex:122: Missing $ inserted\nNearby source:\n119:     \\item patient: 0.544\n120:     \\item sample: 0.567\n121:     \\item source: 0.197\n122:     \\item cell_type: 0.507\n123:     \\item cell_subtype: 0.658\n124:     \\item cell_cycle_phase: 0.195\nPossible unescaped '_' outside math/reference keys (LaTeX may report the later use site):\n43: where $x_{ij}$ is the raw UMI count for gene $i$ in cell $j$, $L_j$ is the library size for cell $j$, and the final scaling factor of 10,000 normalizes expression values.\n122:     \\item cell_type: 0.507\n123:     \\item cell_subtype: 0.658\n124:     \\item cell_cycle_phase: 0.195\nFull compiler output is saved in main.log."}
[tool] read_file
[tool] replace_in_file
[auto-continue] phase=report_build; completion not verified
[tool] build_research_report
[tool] validate_research_bundle
[tool-error] validate_research_bundle: {
  "valid": false,
  "checked_at": "2026-09-17T18:27:43.548271+00:00",
  "manifest_path": "results/analysis_manifest.json",
  "manifest_sha256": "81bcb761cee6b209ee39a051c18fb39583b8f5f02729dc168e52d573e6464632",
  "errors": [
    "Report assigns statistical significance without a valid inferential test",
    "Report must state the actual core seed grid (0, 17, 42, 73, 101) in one seed sentence",
    "Each displayed formula must have one label and a prose reference",
    "LaTeX log contains overflow, compilation, citation or reference errors",
    "Rendered PDF content touches the page edge and may be cropped: page-3.png",
    "Rendered PDF content touches the page edge and may be cropped: page-4.png"
  ],
  "checks": {
    "methods": 1,
    "figures": 2,
    "three_line_tables": 1,
    "formulas": 1,
    "pdf_pages": 5,
    "rendered_pages": 5,
    "references": 1
  }
}
[tool] read_file
[tool] read_file
[tool] replace_in_file
[tool-error] replace_in_file: Tool is not currently advertised: replace_in_file
[tool-error] run_shell: Tool is not currently advertised: run_shell
[tool-error] write_file: Tool is not currently advertised: write_file
[tool-error] run_shell: Tool is not currently advertised: run_shell
[tool] task_checkpoint
[auto-continue] phase=report_build; completion not verified
[tool-error] read_file: Tool is not currently advertised: read_file
[tool] task_checkpoint
[tool] build_research_report
[tool] validate_research_bundle
[tool-error] validate_research_bundle: {
  "valid": false,
  "checked_at": "2026-09-17T18:46:53.426108+00:00",
  "manifest_path": "results/analysis_manifest.json",
  "manifest_sha256": "81bcb761cee6b209ee39a051c18fb39583b8f5f02729dc168e52d573e6464632",
  "errors": [
    "Each displayed formula must have one label and a prose reference",
    "LaTeX log contains overflow, compilation, citation or reference errors",
    "Rendered PDF content touches the page edge and may be cropped: page-3.png",
    "Rendered PDF content touches the page edge and may be cropped: page-4.png"
  ],
  "checks": {
    "methods": 1,
    "figures": 2,
    "three_line_tables": 1,
    "formulas": 1,
    "pdf_pages": 5,
    "rendered_pages": 5,
    "references": 1
  }
}
[auto-continue] phase=bundle_repair; completion not verified
[tool] task_checkpoint
[tool] task_checkpoint
[tool] task_checkpoint
[tool] read_file
[tool] replace_in_file
[tool] task_checkpoint
[tool] build_research_report
[tool] validate_research_bundle
[tool-error] validate_research_bundle: {
  "valid": false,
  "checked_at": "2026-09-17T18:58:01.829908+00:00",
  "manifest_path": "results/analysis_manifest.json",
  "manifest_sha256": "81bcb761cee6b209ee39a051c18fb39583b8f5f02729dc168e52d573e6464632",
  "errors": [
    "LaTeX log contains overflow, compilation, citation or reference errors",
    "Rendered PDF content touches the page edge and may be cropped: page-3.png",
    "Rendered PDF content touches the page edge and may be cropped: page-4.png"
  ],
  "checks": {
    "methods": 1,
    "figures": 2,
    "three_line_tables": 1,
    "formulas": 1,
    "pdf_pages": 5,
    "rendered_pages": 5,
    "references": 1
  }
}
[tool] read_file
[tool] replace_in_file
[auto-continue] phase=report_build; completion not verified
[tool-error] replace_in_file: Tool is not currently advertised: replace_in_file
[tool-error] write_file: Tool is not currently advertised: write_file
[tool] build_research_report
[tool] validate_research_bundle
[tool-error] validate_research_bundle: {
  "valid": false,
  "checked_at": "2026-09-17T19:09:29.373876+00:00",
  "manifest_path": "results/analysis_manifest.json",
  "manifest_sha256": "81bcb761cee6b209ee39a051c18fb39583b8f5f02729dc168e52d573e6464632",
  "errors": [
    "LaTeX log contains overflow, compilation, citation or reference errors",
    "Rendered PDF content touches the page edge and may be cropped: page-3.png",
    "Rendered PDF content touches the page edge and may be cropped: page-4.png"
  ],
  "checks": {
    "methods": 1,
    "figures": 2,
    "three_line_tables": 1,
    "formulas": 1,
    "pdf_pages": 5,
    "rendered_pages": 5,
    "references": 1
  }
}
[tool] read_file
[tool] replace_in_file
[tool-error] replace_in_file: old_text must occur exactly once; found 0.
[tool] read_file
[tool] replace_in_file
[tool] build_research_report
[auto-continue] phase=bundle_validation; completion not verified
[tool] validate_research_bundle
[tool-error] validate_research_bundle: {
  "valid": false,
  "checked_at": "2026-09-17T19:19:24.588211+00:00",
  "manifest_path": "results/analysis_manifest.json",
  "manifest_sha256": "81bcb761cee6b209ee39a051c18fb39583b8f5f02729dc168e52d573e6464632",
  "errors": [
    "LaTeX log contains overflow, compilation, citation or reference errors"
  ],
  "checks": {
    "methods": 1,
    "figures": 2,
    "three_line_tables": 1,
    "formulas": 1,
    "pdf_pages": 6,
    "rendered_pages": 6,
    "references": 1
  }
}
[tool] read_file
[tool] read_file
[tool] replace_in_file
[tool-error] replace_in_file: Tool is not currently advertised: replace_in_file
[tool-error] write_file: Tool is not currently advertised: write_file
[tool-error] run_shell: Tool is not currently advertised: run_shell
[tool] task_checkpoint
[tool-error] run_shell: Tool is not currently advertised: run_shell
[tool-error] run_shell: Tool is not currently advertised: run_shell
[tool] task_checkpoint
[tool-error] replace_in_file: Tool is not currently advertised: replace_in_file
[tool] task_checkpoint
[tool] build_research_report
[tool] validate_research_bundle
[tool-error] validate_research_bundle: {
  "valid": false,
  "checked_at": "2026-09-17T19:37:51.366533+00:00",
  "manifest_path": "results/analysis_manifest.json",
  "manifest_sha256": "81bcb761cee6b209ee39a051c18fb39583b8f5f02729dc168e52d573e6464632",
  "errors": [
    "LaTeX log contains overflow, compilation, citation or reference errors"
  ],
  "checks": {
    "methods": 1,
    "figures": 2,
    "three_line_tables": 1,
    "formulas": 1,
    "pdf_pages": 6,
    "rendered_pages": 6,
    "references": 1
  }
}
[tool] read_file
[tool] read_file
[auto-continue] phase=bundle_repair; completion not verified
[tool] read_file
[auto-continue] phase=bundle_repair; completion not verified
[tool] replace_in_file
[tool] build_research_report
[tool] validate_research_bundle
[tool-error] validate_research_bundle: {
  "valid": false,
  "checked_at": "2026-09-17T19:46:53.176715+00:00",
  "manifest_path": "results/analysis_manifest.json",
  "manifest_sha256": "81bcb761cee6b209ee39a051c18fb39583b8f5f02729dc168e52d573e6464632",
  "errors": [
    "LaTeX log contains overflow, compilation, citation or reference errors"
  ],
  "checks": {
    "methods": 1,
    "figures": 2,
    "three_line_tables": 1,
    "formulas": 1,
    "pdf_pages": 6,
    "rendered_pages": 6,
    "references": 1
  }
}
[tool] read_file
[tool] replace_in_file
[tool] read_file
