MLX service ready; reusing the requested model.
[tool] search_studies
[tool] get_study
[auto-continue] phase=source_plan; completion not verified
[tool] plan_asset
[auto-continue] phase=source_download; completion not verified
[tool] download_asset
[tool] prepare_3ca_dataset
[auto-continue] phase=metabolic_gene_definition; completion not verified
[tool] fetch_reactome_metabolic_genes
[auto-continue] phase=core_analysis; completion not verified
[tool] analyze_metabolic_states
[auto-continue] phase=literature_verification; completion not verified
[tool] verify_doi
[auto-continue] phase=report_and_manifest; completion not verified
[tool] write_file
[tool] write_file
[tool] list_files
[auto-continue] phase=report_and_manifest; completion not verified
[tool] write_file
[tool-error] write_file: Tool is not currently advertised: write_file
[tool] build_research_report
[tool-error] build_research_report: {"error": "tectonic failed with exit code 1.\nReported diagnostic: main.tex:34: Underfull \\hbox (badness 10000) in paragraph at lines 33--34\nNearby source:\n31: where $x_{ij}$ represents the normalized expression of gene $j$ in cell $i$, $\\text{UMI}_{ij}$ is the raw UMI count, and $\\text{library\\_size}_i$ is the total UMI count for cell $i$.\n32: \n33: Features were scaled using Scanpy's \\texttt{scale} function with \\texttt{zero\\_center=False} and \\texttt{max\\_value=10}.\n34: \n35: \\subsection{Clustering Analysis}\n36: \nPossible unescaped '_' outside math/reference keys (LaTeX may report the later use site):\n31: where $x_{ij}$ represents the normalized expression of gene $j$ in cell $i$, $\\text{UMI}_{ij}$ is the raw UMI count, and $\\text{library\\_size}_i$ is the total UMI count for cell $i$.\nFull compiler output is saved in main.log."}
[auto-continue] phase=report_repair; completion not verified
[tool] read_file
[tool] replace_in_file
[tool-error] replace_in_file: Tool is not currently advertised: replace_in_file
[tool-error] write_file: Tool is not currently advertised: write_file
[tool] build_research_report
[tool-error] build_research_report: {"error": "tectonic failed with exit code 1.\nReported diagnostic: main.tex:34: Underfull \\hbox (badness 10000) in paragraph at lines 33--34\nNearby source:\n31: where $x_{ij}$ represents the normalized expression of gene $j$ in cell $i$, $\\text{UMI}_{ij}$ is the raw UMI count, and $\\text{library\\_size}_i$ is the total UMI count for cell $i$.\n32: \n33: Features were scaled using Scanpy's \\texttt{scale} function with \\texttt{zero\\_center=False} and \\texttt{max\\_value=10}.\n34: \n35: \\subsection{Clustering Analysis}\n36: \nPossible unescaped '_' outside math/reference keys (LaTeX may report the later use site):\n31: where $x_{ij}$ represents the normalized expression of gene $j$ in cell $i$, $\\text{UMI}_{ij}$ is the raw UMI count, and $\\text{library\\_size}_i$ is the total UMI count for cell $i$.\nFull compiler output is saved in main.log."}
[tool] read_file
[tool] read_file
