MLX service ready; reusing the requested model.
[tool] search_studies
[tool-error] search_studies: Tool is not currently advertised: search_studies
[tool] run_shell
[tool] run_shell
[tool-error] search_studies: Tool is not currently advertised: search_studies
[tool] run_shell
[tool] run_shell
[auto-continue] phase=source_download; completion not verified
[tool] run_shell
[tool] run_shell
[tool] run_shell
[tool] run_shell
[tool] run_shell
[tool] read_file
[tool-error] read_file: Path leaves workspace: /Users/bytedance/Downloads/BioDiscovery-3CA/workflow_codex/.threeca/cache/catalog.json
[tool] list_files
[tool] run_shell
[tool] run_shell
[tool] run_shell
[auto-continue] phase=source_download; completion not verified
