MLX service ready; reusing the requested model.
[tool] search_studies
[tool-error] search_studies: Tool is not currently advertised: search_studies
[tool] get_study
[tool-error] verify_doi: Tool is not currently advertised: verify_doi
[tool] plan_asset
[tool] download_asset
[tool] prepare_3ca_dataset
[auto-continue] phase=metabolic_gene_definition; completion not verified
[tool] fetch_reactome_metabolic_genes
[auto-continue] phase=core_analysis; completion not verified
[tool] analyze_metabolic_states
[auto-continue] phase=literature_verification; completion not verified
[tool] task_checkpoint
[tool-error] run_shell: Tool is not currently advertised: run_shell
[tool-error] run_shell: Tool is not currently advertised: run_shell
[tool-error] run_shell: Tool is not currently advertised: run_shell
[tool-error] run_shell: Tool is not currently advertised: run_shell
[tool-error] run_shell: Tool is not currently advertised: run_shell
[tool-error] run_shell: Tool is not currently advertised: run_shell
[tool-error] run_shell: Tool is not currently advertised: run_shell
[tool] verify_doi
[auto-continue] phase=report_and_manifest; completion not verified
[tool] list_files
[auto-continue] phase=report_and_manifest; completion not verified
[tool] list_files
[tool-error] list_files: ENOENT: no such file or directory, lstat '/Users/bytedance/Downloads/BioDiscovery-3CA/3CA/Q1_R30/report'
[auto-continue] phase=report_and_manifest; completion not verified
[tool] write_file
[tool] write_file
[tool] write_file
[auto-continue] phase=report_build; completion not verified
[tool] build_research_report
[tool-error] build_research_report: {"error": "tectonic failed with exit code 1.\nReported diagnostic: main.tex:107: Undefined control sequence\nNearby source:\n104: \\bibitem{Choudhury2022}\n105: Abrar Choudhury, Stephen T. Magill, Charlotte D. Eaton, Briana C. Prager, William C. Chen, Martha A. Cady, Kyounghee Seo, Calixto-Hope G. Lucas, Tim J. Casey-Clyde, Harish N. Vasudevan, S. John Liu, Javier E. Villanueva-Meyer, Tai-Chung Lam, Jenny Kan-Suen Pu, Lai-Fung Li, Gilberto Ka-Kit Leung, Danielle L. Swaney, Michael Y. Zhang, Jason W. Chan, Zhixin Qiu, Michael V. Martin, Matthew S. Susko, Steve E. Braunstein, Nancy Ann Oberheim, Jessica D. Schulte, Nicholas Butowski, Penny K. Sneed, Mitchel S. Berger, Nevan J. Krogan, Arie Perry, Joanna J. Phillips, David A. Solomon, Joseph F. Costello, Michael W. McDermott, Jeremy N. Rich, David R. Raleigh.\n106: \\title{Meningioma DNA methylation groups identify biological drivers and therapeutic vulnerabilities}\n107: \\journal{Nature Genetics}\n108: \\year{2022}\n109: \\volume{54}\nPossible unescaped '_' outside math/reference keys (LaTeX may report the later use site):\nnone found\nFull compiler output is saved in main.log."}
[auto-continue] phase=report_repair; completion not verified
[tool] read_file
[tool] replace_in_file
[tool] build_research_report
[tool-error] build_research_report: {"error": "tectonic failed with exit code 1.\nReported diagnostic: main.tex:107: Undefined control sequence\nNearby source:\n104: \\bibitem{Choudhury2022}\n105: Abrar Choudhury, Stephen T. Magill, Charlotte D. Eaton, Briana C. Prager, William C. Chen, Martha A. Cady, Kyounghee Seo, Calixto-Hope G. Lucas, Tim J. Casey-Clyde, Harish N. Vasudevan, S. John Liu, Javier E. Villanueva-Meyer, Tai-Chung Lam, Jenny Kan-Suen Pu, Lai-Fung Li, Gilberto Ka-Kit Leung, Danielle L. Swaney, Michael Y. Zhang, Jason W. Chan, Zhixin Qiu, Michael V. Martin, Matthew S. Susko, Steve E. Braunstein, Nancy Ann Oberheim, Jessica D. Schulte, Nicholas Butowski, Penny K. Sneed, Mitchel S. Berger, Nevan J. Krogan, Arie Perry, Joanna J. Phillips, David A. Solomon, Joseph F. Costello, Michael W. McDermott, Jeremy N. Rich, David R. Raleigh.\n106: \\title{Meningioma DNA methylation groups identify biological drivers and therapeutic vulnerabilities}\n107: \\journalname{Nature Genetics}\n108: \\year{2022}\n109: \\volume{54}\nPossible unescaped '_' outside math/reference keys (LaTeX may report the later use site):\nnone found\nFull compiler output is saved in main.log."}
[auto-continue] phase=report_repair; completion not verified
[tool] read_file
[tool] replace_in_file
[tool-error] replace_in_file: Tool is not currently advertised: replace_in_file
[tool-error] read_file: Tool is not currently advertised: read_file
[tool-error] write_file: Tool is not currently advertised: write_file
[tool] task_checkpoint
[tool-error] run_shell: Tool is not currently advertised: run_shell
[tool] task_checkpoint
[tool-error] write_file: Tool is not currently advertised: write_file
[tool] build_research_report
[tool-error] build_research_report: {"error": "tectonic failed with exit code 1.\nReported diagnostic: main.tex:107: Undefined control sequence\nNearby source:\n104: \\bibitem{Choudhury2022}\n105: Abrar Choudhury, Stephen T. Magill, Charlotte D. Eaton, Briana C. Prager, William C. Chen, Martha A. Cady, Kyounghee Seo, Calixto-Hope G. Lucas, Tim J. Casey-Clyde, Harish N. Vasudevan, S. John Liu, Javier E. Villanueva-Meyer, Tai-Chung Lam, Jenny Kan-Suen Pu, Lai-Fung Li, Gilberto Ka-Kit Leung, Danielle L. Swaney, Michael Y. Zhang, Jason W. Chan, Zhixin Qiu, Michael V. Martin, Matthew S. Susko, Steve E. Braunstein, Nancy Ann Oberheim, Jessica D. Schulte, Nicholas Butowski, Penny K. Sneed, Mitchel S. Berger, Nevan J. Krogan, Arie Perry, Joanna J. Phillips, David A. Solomon, Joseph F. Costello, Michael W. McDermott, Jeremy N. Rich, David R. Raleigh.\n106: \\title{Meningioma DNA methylation groups identify biological drivers and therapeutic vulnerabilities}\n107: \\journal{Nature Genetics}\n108: \\year{2022}\n109: \\volume{54}\nPossible unescaped '_' outside math/reference keys (LaTeX may report the later use site):\nnone found\nFull compiler output is saved in main.log."}
[tool] read_file
[auto-continue] phase=report_repair; completion not verified
[tool] read_file
[tool] replace_in_file
[auto-continue] phase=report_build; completion not verified
[tool] build_research_report
[auto-continue] phase=bundle_validation; completion not verified
[tool] validate_research_bundle
[tool-error] validate_research_bundle: {
  "valid": false,
  "checked_at": "2026-09-17T21:03:35.395427+00:00",
  "manifest_path": "results/analysis_manifest.json",
  "manifest_sha256": "aea5967c6274e417471af1c7eb50b4d40fb1e906d592008dec11c3d23e6c0fe2",
  "errors": [
    "Report must state the actual core seed grid (0, 17, 42, 73, 101) in one seed sentence",
    "Each displayed formula must have one label and a prose reference",
    "Report must state the three-decimal within-replicate global-vs-within ARI range",
    "Report must identify the weakest within-replicate result (3)"
  ],
  "checks": {
    "methods": 1,
    "figures": 2,
    "three_line_tables": 1,
    "formulas": 1,
    "pdf_pages": 4,
    "rendered_pages": 4,
    "references": 1
  }
}
[tool] replace_in_file
[tool-error] read_file: Tool is not currently advertised: read_file
[tool-error] run_shell: Tool is not currently advertised: run_shell
[auto-continue] phase=report_build; completion not verified
[tool-error] replace_in_file: Tool is not currently advertised: replace_in_file
[tool-error] write_file: Tool is not currently advertised: write_file
[tool] task_checkpoint
[tool-error] run_shell: Tool is not currently advertised: run_shell
[tool] task_checkpoint
[tool-error] run_shell: Tool is not currently advertised: run_shell
[tool] build_research_report
[tool] validate_research_bundle
[tool-error] validate_research_bundle: {
  "valid": false,
  "checked_at": "2026-09-17T21:15:57.342812+00:00",
  "manifest_path": "results/analysis_manifest.json",
  "manifest_sha256": "aea5967c6274e417471af1c7eb50b4d40fb1e906d592008dec11c3d23e6c0fe2",
  "errors": [
    "Each displayed formula must have one label and a prose reference",
    "Report must state the three-decimal within-replicate global-vs-within ARI range",
    "Report must identify the weakest within-replicate result (3)"
  ],
  "checks": {
    "methods": 1,
    "figures": 2,
    "three_line_tables": 1,
    "formulas": 1,
    "pdf_pages": 4,
    "rendered_pages": 4,
    "references": 1
  }
}
[auto-continue] phase=bundle_repair; completion not verified
[tool] read_file
[tool] read_file
[auto-continue] phase=bundle_repair; completion not verified
[tool] read_file
[tool] replace_in_file
[tool-error] replace_in_file: Tool is not currently advertised: replace_in_file
[tool-error] write_file: Tool is not currently advertised: write_file
[tool-error] run_shell: Tool is not currently advertised: run_shell
[tool] task_checkpoint
[tool-error] run_shell: Tool is not currently advertised: run_shell
[tool] task_checkpoint
[tool] task_checkpoint
[tool] task_checkpoint
[tool] task_checkpoint
[tool] task_checkpoint
[auto-continue] phase=report_build; completion not verified
[tool] task_checkpoint
[tool] task_checkpoint
[tool] task_checkpoint
[tool] task_checkpoint
[tool] build_research_report
[tool] validate_research_bundle
[tool-error] validate_research_bundle: {
  "valid": false,
  "checked_at": "2026-09-17T21:39:35.739618+00:00",
  "manifest_path": "results/analysis_manifest.json",
  "manifest_sha256": "aea5967c6274e417471af1c7eb50b4d40fb1e906d592008dec11c3d23e6c0fe2",
  "errors": [
    "Each displayed formula must have one label and a prose reference",
    "Report must state the three-decimal within-replicate global-vs-within ARI range",
    "Report must identify the weakest within-replicate result (3)"
  ],
  "checks": {
    "methods": 1,
    "figures": 2,
    "three_line_tables": 1,
    "formulas": 1,
    "pdf_pages": 4,
    "rendered_pages": 4,
    "references": 1
  }
}
[tool] read_file
[tool] replace_in_file
[tool-error] read_file: Tool is not currently advertised: read_file
[tool] task_checkpoint
[tool-error] run_shell: Tool is not currently advertised: run_shell
[tool] task_checkpoint
[tool] task_checkpoint
[tool] task_checkpoint
[tool] task_checkpoint
[tool] task_checkpoint
[tool] build_research_report
[tool] validate_research_bundle
[tool-error] validate_research_bundle: {
  "valid": false,
  "checked_at": "2026-09-17T21:53:18.852211+00:00",
  "manifest_path": "results/analysis_manifest.json",
  "manifest_sha256": "aea5967c6274e417471af1c7eb50b4d40fb1e906d592008dec11c3d23e6c0fe2",
  "errors": [
    "Each displayed formula must have one label and a prose reference",
    "Report must state the three-decimal within-replicate global-vs-within ARI range",
    "Report must identify the weakest within-replicate result (3)"
  ],
  "checks": {
    "methods": 1,
    "figures": 2,
    "three_line_tables": 1,
    "formulas": 1,
    "pdf_pages": 4,
    "rendered_pages": 4,
    "references": 1
  }
}
[tool] read_file
[tool] read_file
[auto-continue] phase=bundle_repair; completion not verified
[tool] replace_in_file
[tool-error] replace_in_file: Tool is not currently advertised: replace_in_file
[tool-error] run_shell: Tool is not currently advertised: run_shell
[tool-error] run_shell: Tool is not currently advertised: run_shell
[tool-error] read_file: Tool is not currently advertised: read_file
[tool-error] read_file: Tool is not currently advertised: read_file
[tool] task_checkpoint
[auto-continue] phase=report_build; completion not verified
[tool-error] run_shell: Tool is not currently advertised: run_shell
[tool-error] run_shell: Tool is not currently advertised: run_shell
[tool] task_checkpoint
[tool-error] validate_research_bundle: Tool is not currently advertised: validate_research_bundle
[tool] task_checkpoint
[tool-error] ls -la /Users/bytedance/Downloads/BioDiscovery-3CA/3CA/Q1_R30/results/core_analysis/
</parameter: Tool is not currently advertised: ls -la /Users/bytedance/Downloads/BioDiscovery-3CA/3CA/Q1_R30/results/core_analysis/
</parameter
[tool-error] run_shell: Tool is not currently advertised: run_shell
[tool] task_checkpoint
[tool] task_checkpoint
[auto-continue] phase=report_build; completion not verified
[tool-error] run_shell: Tool is not currently advertised: run_shell
[tool] build_research_report
[tool] validate_research_bundle
[tool-error] validate_research_bundle: {
  "valid": false,
  "checked_at": "2026-09-17T22:15:55.791037+00:00",
  "manifest_path": "results/analysis_manifest.json",
  "manifest_sha256": "aea5967c6274e417471af1c7eb50b4d40fb1e906d592008dec11c3d23e6c0fe2",
  "errors": [
    "Each displayed formula must have one label and a prose reference"
  ],
  "checks": {
    "methods": 1,
    "figures": 2,
    "three_line_tables": 1,
    "formulas": 1,
    "pdf_pages": 5,
    "rendered_pages": 5,
    "references": 1
  }
}
[tool] read_file
[auto-continue] phase=bundle_repair; completion not verified
[tool] replace_in_file
[tool-error] replace_in_file: Tool is not currently advertised: replace_in_file
[tool-error] run_shell: Tool is not currently advertised: run_shell
[tool] task_checkpoint
[tool] build_research_report
[tool] validate_research_bundle
[tool] complete_task

WiNGPT> Research bundle verified: conclusion=inconclusive; cells=58843; metabolic_genes=1984; clusters=15; selected_resolution=0.4.

