MLX service ready; reusing the requested model.
[tool] search_studies
[tool-error] search_studies: Tool is not currently advertised: search_studies
[tool] get_study
[tool-error] verify_doi: Tool is not currently advertised: verify_doi
[tool] plan_asset
[tool] download_asset
[tool] prepare_3ca_dataset
[tool] task_checkpoint
[tool-error] shell: Tool is not currently advertised: shell
[auto-continue] phase=metabolic_gene_definition; completion not verified
[tool-error] run_shell: Tool is not currently advertised: run_shell
[tool] task_checkpoint
[tool-error] run_shell: Tool is not currently advertised: run_shell
[tool-error] run_shell: Tool is not currently advertised: run_shell
[tool-error] run_shell: Tool is not currently advertised: run_shell
[tool-error] run_shell: Tool is not currently advertised: run_shell
[tool] fetch_reactome_metabolic_genes
[auto-continue] phase=core_analysis; completion not verified
[tool] task_checkpoint
[tool] analyze_metabolic_states
[tool] verify_doi
[tool] read_file
[tool] write_file
[tool] write_file
[tool] list_files
[tool] write_file
[tool] build_research_report
[tool-error] build_research_report: {"error": "tectonic failed with exit code 1.\nReported diagnostic: main.tex:8: ! LaTeX Error: File `sloppy.sty' not found.\nNearby source:\n5: \\usepackage{amsmath}\n6: \\usepackage{url}\n7: \\usepackage{sloppy}\n8: \n9: \\title{\\textbf{Q1_R26: Metabolic State Clustering Analysis}}\n10: \\author{Analysis of Choudhury et al. 2022 (3CA:20773)}\nPossible unescaped '_' outside math/reference keys (LaTeX may report the later use site):\n9: \\title{\\textbf{Q1_R26: Metabolic State Clustering Analysis}}\n29:     \\item \\textbf{Feature Scaling}: Scanpy scale with zero_center=False and max_value=10\n38: where $x_{ij}$ is the raw count of gene $j$ in cell $i$, and $L_i$ is the library size (total counts) for cell $i$, normalized to 10,000.\nFull compiler output is saved in main.log."}
[auto-continue] phase=report_repair; completion not verified
[tool] replace_in_file
[tool-error] read_file: Tool is not currently advertised: read_file
[tool-error] run_shell: Tool is not currently advertised: run_shell
[tool] task_checkpoint
[tool] build_research_report
[tool-error] build_research_report: {"error": "tectonic failed with exit code 1.\nReported diagnostic: main.tex:14: Missing $ inserted\nNearby source:\n11: \n12: \\begin{document}\n13: \n14: \\maketitle\n15: \n16: \\section{Introduction}\nPossible unescaped '_' outside math/reference keys (LaTeX may report the later use site):\n8: \\title{\\textbf{Q1_R26: Metabolic State Clustering Analysis}}\n28:     \\item \\textbf{Feature Scaling}: Scanpy scale with zero_center=False and max_value=10\n37: where $x_{ij}$ is the raw count of gene $j$ in cell $i$, and $L_i$ is the library size (total counts) for cell $i$, normalized to 10,000.\nFull compiler output is saved in main.log."}
[tool] replace_in_file
[tool-error] replace_in_file: Tool is not currently advertised: replace_in_file
[tool-error] write_file: Tool is not currently advertised: write_file
[tool-error] run_shell: Tool is not currently advertised: run_shell
[tool] build_research_report
[tool-error] build_research_report: {"error": "tectonic failed with exit code 1.\nReported diagnostic: main.tex:28: Missing $ inserted\nNearby source:\n25: \n26: \\begin{enumerate}\n27:     \\item \\textbf{Normalization}: Per-cell library size normalization to 10,000 counts, followed by log1p transformation\n28:     \\item \\textbf{Feature Scaling}: Scanpy scale with zero_center=False and max_value=10\n29:     \\item \\textbf{Clustering}: Leiden algorithm with resolution selection based on stability criteria\n30: \\end{enumerate}\nPossible unescaped '_' outside math/reference keys (LaTeX may report the later use site):\n28:     \\item \\textbf{Feature Scaling}: Scanpy scale with zero_center=False and max_value=10\n37: where $x_{ij}$ is the raw count of gene $j$ in cell $i$, and $L_i$ is the library size (total counts) for cell $i$, normalized to 10,000.\nFull compiler output is saved in main.log."}
[tool] append_file
[tool] build_research_report
[tool-error] build_research_report: {"error": "tectonic failed with exit code 1.\nReported diagnostic: main.tex:28: Missing $ inserted\nNearby source:\n25: \n26: \\begin{enumerate}\n27:     \\item \\textbf{Normalization}: Per-cell library size normalization to 10,000 counts, followed by log1p transformation\n28:     \\item \\textbf{Feature Scaling}: Scanpy scale with zero_center=False and max_value=10\n29:     \\item \\textbf{Clustering}: Leiden algorithm with resolution selection based on stability criteria\n30: \\end{enumerate}\nPossible unescaped '_' outside math/reference keys (LaTeX may report the later use site):\n28:     \\item \\textbf{Feature Scaling}: Scanpy scale with zero_center=False and max_value=10\n37: where $x_{ij}$ is the raw count of gene $j$ in cell $i$, and $L_i$ is the library size (total counts) for cell $i$, normalized to 10,000.\n201: where $x_{ij}$ is the raw count of gene $j$ in cell $i$, and $L_i$ is the library size (total counts) for cell $i$, normalized to 10,000.\nFull compiler output is saved in main.log."}
[tool] replace_in_file
[tool] task_checkpoint
[tool-error] run_shell: Tool is not currently advertised: run_shell
[tool-error] run_shell: Tool is not currently advertised: run_shell
[tool] build_research_report
[auto-continue] phase=bundle_validation; completion not verified
[tool] validate_research_bundle
[tool-error] validate_research_bundle: {
  "valid": false,
  "checked_at": "2026-09-17T13:18:27.755341+00:00",
  "manifest_path": "results/analysis_manifest.json",
  "manifest_sha256": "465c49c629159a09d0ef965726e0ca3c4e5b021f34ffb0f83949cb03a1a2d586",
  "errors": [
    "feature_set.matched_genes_path is required",
    "Report must state the actual core seed grid (0, 17, 42, 73, 101) in one seed sentence",
    "LaTeX report contains no included figure",
    "Each manifest figure must appear in its own LaTeX figure environment",
    "Report must include at least one booktabs three-line table",
    "Each displayed formula must have one label and a prose reference",
    "Each displayed formula must have one label and a prose reference",
    "Report must identify the weakest within-replicate result (3)",
    "LaTeX log contains overflow, compilation, citation or reference errors",
    "Figure is not referenced by LaTeX: figures/metabolic_umap.pdf",
    "Figure is not referenced by LaTeX: figures/clustering_diagnostics.pdf"
  ],
  "checks": {
    "methods": 1,
    "figures": 2,
    "three_line_tables": 0,
    "formulas": 2,
    "pdf_pages": 4,
    "rendered_pages": 4,
    "references": 1
  }
}
[auto-continue] phase=bundle_repair; completion not verified
[tool] list_files
[tool] run_shell
[tool] read_file
[tool] read_file
[tool] list_files
[auto-continue] phase=bundle_repair; completion not verified
[tool] list_files
[tool] read_file
[tool] read_file
[tool] replace_in_file
[tool-error] read_file: Tool is not currently advertised: read_file
[tool-error] list_files: Tool is not currently advertised: list_files
[tool-error] run_shell: Tool is not currently advertised: run_shell
[tool-error] read_file: Tool is not currently advertised: read_file
[tool-error] run_shell: Tool is not currently advertised: run_shell
[tool] task_checkpoint
[tool-error] run_shell: Tool is not currently advertised: run_shell
[tool-error] run_shell: Tool is not currently advertised: run_shell
[tool] validate_research_bundle
[tool-error] validate_research_bundle: {
  "valid": false,
  "checked_at": "2026-09-17T13:41:36.282872+00:00",
  "manifest_path": "results/analysis_manifest.json",
  "manifest_sha256": "cabe7a7af018d1e2cff7c69ea3c949e2a73679929e74c5c9fd4bd6ded8de76cf",
  "errors": [
    "Report must state the actual core seed grid (0, 17, 42, 73, 101) in one seed sentence",
    "LaTeX report contains no included figure",
    "Each manifest figure must appear in its own LaTeX figure environment",
    "Report must include at least one booktabs three-line table",
    "Each displayed formula must have one label and a prose reference",
    "Each displayed formula must have one label and a prose reference",
    "Report must identify the weakest within-replicate result (3)",
    "LaTeX log contains overflow, compilation, citation or reference errors",
    "Figure is not referenced by LaTeX: figures/metabolic_umap.pdf",
    "Figure is not referenced by LaTeX: figures/clustering_diagnostics.pdf"
  ],
  "checks": {
    "methods": 1,
    "figures": 2,
    "three_line_tables": 0,
    "formulas": 2,
    "pdf_pages": 4,
    "rendered_pages": 4,
    "references": 1
  }
}
[tool] read_file
[tool] list_files
[tool] write_file
[tool-error] write_file: Tool is not currently advertised: write_file
[tool-error] append_file: Tool is not currently advertised: append_file
[tool-error] run_shell: Tool is not currently advertised: run_shell
[tool-error] run_shell: Tool is not currently advertised: run_shell
[tool] task_checkpoint
[tool] build_research_report
[tool] validate_research_bundle
[tool-error] validate_research_bundle: {
  "valid": false,
  "checked_at": "2026-09-17T13:59:48.871413+00:00",
  "manifest_path": "results/analysis_manifest.json",
  "manifest_sha256": "cabe7a7af018d1e2cff7c69ea3c949e2a73679929e74c5c9fd4bd6ded8de76cf",
  "errors": [
    "LaTeX report contains no included figure",
    "Each manifest figure must appear in its own LaTeX figure environment",
    "Report must include at least one booktabs three-line table",
    "Each displayed formula must have one label and a prose reference",
    "Report must identify the weakest within-replicate result (3)",
    "Figure is not referenced by LaTeX: figures/metabolic_umap.pdf",
    "Figure is not referenced by LaTeX: figures/clustering_diagnostics.pdf"
  ],
  "checks": {
    "methods": 1,
    "figures": 2,
    "three_line_tables": 0,
    "formulas": 1,
    "pdf_pages": 5,
    "rendered_pages": 5,
    "references": 1
  }
}
[tool] read_file
[auto-continue] phase=bundle_repair; completion not verified
[tool] list_files
[tool] read_file
[tool] replace_in_file
[tool-error] read_file: Tool is not currently advertised: read_file
[tool] build_research_report
[tool-error] build_research_report: {"error": "tectonic failed with exit code 1.\nReported diagnostic: main.tex:31: Underfull \\hbox (badness 3029) in paragraph at lines 30--31\nNearby source:\n28: \\begin{enumerate}\n29:     \\item \\textbf{Normalization}: Per-cell library size normalization to 10,000 counts, followed by log1p transformation\n30:     \\item \\textbf{Feature Scaling}: Scanpy scale with zero\\_center=False and max\\_value=10\n31:     \\item \\textbf{Clustering}: Leiden algorithm with resolution selection based on stability criteria\n32: \\end{enumerate}\n33: \nPossible unescaped '_' outside math/reference keys (LaTeX may report the later use site):\n39: where $x_{ij}$ is the raw count of gene $j$ in cell $i$, and $L_i$ is the library size (total counts) for cell $i$, normalized to 10,000.\nFull compiler output is saved in main.log."}
[tool] replace_in_file
[tool-error] replace_in_file: Tool is not currently advertised: replace_in_file
[tool-error] run_shell: Tool is not currently advertised: run_shell
[tool-error] run_shell: Tool is not currently advertised: run_shell
[tool] task_checkpoint
[tool-error] run_shell: Tool is not currently advertised: run_shell
[tool-error] run_shell: Tool is not currently advertised: run_shell
[tool-error] run_shell: Tool is not currently advertised: run_shell
