MLX service ready; reusing the requested model.
[tool] search_studies
[tool-error] search_studies: Tool is not currently advertised: search_studies
[tool] get_study
[tool-error] verify_doi: Tool is not currently advertised: verify_doi
[tool] plan_asset
[tool] download_asset
[tool] prepare_3ca_dataset
[auto-continue] phase=metabolic_gene_definition; completion not verified
[tool] fetch_reactome_metabolic_genes
[auto-continue] phase=core_analysis; completion not verified
[tool] analyze_metabolic_states
[auto-continue] phase=literature_verification; completion not verified
[tool] list_files
[tool] read_file
[tool] read_file
[auto-continue] phase=literature_verification; completion not verified
[tool] read_file
[tool-error] read_file: ENOENT: no such file or directory, lstat '/Users/bytedance/Downloads/BioDiscovery-3CA/3CA/Q1_R23/results/analysis_manifest.json'
[tool] write_file
[tool] list_files
[tool-error] list_files: ENOENT: no such file or directory, lstat '/Users/bytedance/Downloads/BioDiscovery-3CA/3CA/Q1_R23/report'
[tool] write_file
[tool] run_shell
[tool] run_shell
[auto-continue] phase=literature_verification; completion not verified
[tool] run_shell
[tool] run_shell
[tool] run_shell
[tool] run_shell
[tool] run_shell
