MLX service ready; reusing the requested model.
[tool] search_studies
[tool-error] search_studies: Tool is not currently advertised: search_studies
[tool] get_study
[tool] plan_asset
[tool] download_asset
[tool] prepare_3ca_dataset
[tool] task_checkpoint
[tool] fetch_reactome_metabolic_genes
[tool-error] inspect_research_table: Tool is not currently advertised: inspect_research_table
[tool-error] run_shell: Tool is not currently advertised: run_shell
[tool-error] run_shell: Tool is not currently advertised: run_shell
[tool-error] run_shell: Tool is not currently advertised: run_shell
[tool-error] run_shell: Tool is not currently advertised: run_shell
[tool-error] run_shell: Tool is not currently advertised: run_shell
[tool-error] run_shell: Tool is not currently advertised: run_shell
[tool-error] run_shell: Tool is not currently advertised: run_shell
[tool] analyze_metabolic_states
[tool] verify_doi
[tool] list_files
[auto-continue] phase=report_and_manifest; completion not verified
[tool] read_file
[auto-continue] phase=report_and_manifest; completion not verified
[tool] list_files
[auto-continue] phase=report_and_manifest; completion not verified
[tool] write_file
[tool] write_file
[tool-error] run_shell: Tool is not currently advertised: run_shell
[tool-error] write_file: Current report_and_manifest phase may only modify: README.md
[auto-continue] phase=report_and_manifest; completion not verified
[tool] write_file
[tool] build_research_report
[tool] validate_research_bundle
[tool-error] validate_research_bundle: {
  "valid": false,
  "checked_at": "2026-09-17T16:02:59.198799+00:00",
  "manifest_path": "results/analysis_manifest.json",
  "manifest_sha256": "943c00dbe360cfe2e53b31dcde570ea191ba412fcf8deb248816d06964564eca",
  "errors": [
    "Figure label is not referenced in report prose: fig:metabolic_umap",
    "Figure label is not referenced in report prose: fig:clustering_diagnostics",
    "Report must include at least one booktabs three-line table",
    "Each displayed formula must have one label and a prose reference",
    "Report must state the actual resolution-selection criterion and ARI stability filter/tie-breaker",
    "Report must state the observed random-control exceedance count (0 of 19)",
    "Report must state the three-decimal within-replicate global-vs-within ARI range",
    "Report must identify the weakest within-replicate result (3)"
  ],
  "checks": {
    "methods": 1,
    "figures": 2,
    "three_line_tables": 0,
    "formulas": 1,
    "pdf_pages": 4,
    "rendered_pages": 4,
    "references": 1
  }
}
[tool] replace_in_file
[tool-error] replace_in_file: Tool is not currently advertised: replace_in_file
[tool-error] write_file: Tool is not currently advertised: write_file
[tool] task_checkpoint
[tool] build_research_report
[tool] validate_research_bundle
[tool-error] validate_research_bundle: {
  "valid": false,
  "checked_at": "2026-09-17T16:14:21.222153+00:00",
  "manifest_path": "results/analysis_manifest.json",
  "manifest_sha256": "943c00dbe360cfe2e53b31dcde570ea191ba412fcf8deb248816d06964564eca",
  "errors": [
    "Figure label is not referenced in report prose: fig:metabolic_umap",
    "Figure label is not referenced in report prose: fig:clustering_diagnostics",
    "Report must include at least one booktabs three-line table",
    "Each displayed formula must have one label and a prose reference",
    "Report must state the actual resolution-selection criterion and ARI stability filter/tie-breaker",
    "Report must state the observed random-control exceedance count (0 of 19)"
  ],
  "checks": {
    "methods": 1,
    "figures": 2,
    "three_line_tables": 0,
    "formulas": 1,
    "pdf_pages": 5,
    "rendered_pages": 5,
    "references": 1
  }
}
[tool] read_file
[tool] append_file
[tool-error] run_shell: Tool is not currently advertised: run_shell
[tool-error] run_shell: Tool is not currently advertised: run_shell
[tool] task_checkpoint
[auto-continue] phase=report_build; completion not verified
[tool] build_research_report
[tool] validate_research_bundle
[tool-error] validate_research_bundle: {
  "valid": false,
  "checked_at": "2026-09-17T16:25:35.733402+00:00",
  "manifest_path": "results/analysis_manifest.json",
  "manifest_sha256": "943c00dbe360cfe2e53b31dcde570ea191ba412fcf8deb248816d06964564eca",
  "errors": [
    "Figure label is not referenced in report prose: fig:metabolic_umap",
    "Figure label is not referenced in report prose: fig:clustering_diagnostics",
    "Each three-line table must contain one caption and label",
    "Each displayed formula must have one label and a prose reference",
    "Report must state the actual resolution-selection criterion and ARI stability filter/tie-breaker"
  ],
  "checks": {
    "methods": 1,
    "figures": 2,
    "three_line_tables": 1,
    "formulas": 1,
    "pdf_pages": 5,
    "rendered_pages": 5,
    "references": 1
  }
}
[tool] read_file
[tool] replace_in_file
[tool-error] read_file: Tool is not currently advertised: read_file
[tool-error] read_file: Tool is not currently advertised: read_file
[tool] task_checkpoint
[tool] build_research_report
[tool-error] build_research_report: {"error": "tectonic failed with exit code 1.\nReported diagnostic: main.tex:100: Misplaced \\noalign\nNearby source:\n97: \n98: \\begin{table}[ht]\n99: \\centering\n100: \\toprule\n101: \\textbf{Metric} & \\textbf{Value} \\\\\n102: \\midrule\nPossible unescaped '_' outside math/reference keys (LaTeX may report the later use site):\nnone found\nFull compiler output is saved in main.log."}
[auto-continue] phase=report_repair; completion not verified
[tool] replace_in_file
[tool] build_research_report
[tool] validate_research_bundle
[tool-error] validate_research_bundle: {
  "valid": false,
  "checked_at": "2026-09-17T16:41:11.366908+00:00",
  "manifest_path": "results/analysis_manifest.json",
  "manifest_sha256": "943c00dbe360cfe2e53b31dcde570ea191ba412fcf8deb248816d06964564eca",
  "errors": [
    "Figure label is not referenced in report prose: fig:metabolic_umap",
    "Figure label is not referenced in report prose: fig:clustering_diagnostics",
    "Each three-line table must contain one caption and label",
    "Each displayed formula must have one label and a prose reference",
    "Report must state the actual resolution-selection criterion and ARI stability filter/tie-breaker"
  ],
  "checks": {
    "methods": 1,
    "figures": 2,
    "three_line_tables": 1,
    "formulas": 1,
    "pdf_pages": 6,
    "rendered_pages": 6,
    "references": 1
  }
}
[tool] read_file
[tool] replace_in_file
[tool-error] replace_in_file: Tool is not currently advertised: replace_in_file
[tool-error] run_shell: Tool is not currently advertised: run_shell
[tool] build_research_report
[tool-error] build_research_report: Tool is not currently advertised: build_research_report
[tool] validate_research_bundle
[tool-error] validate_research_bundle: {
  "valid": false,
  "checked_at": "2026-09-17T16:54:19.929538+00:00",
  "manifest_path": "results/analysis_manifest.json",
  "manifest_sha256": "943c00dbe360cfe2e53b31dcde570ea191ba412fcf8deb248816d06964564eca",
  "errors": [
    "Figure label is not referenced in report prose: fig:metabolic_umap",
    "Figure label is not referenced in report prose: fig:clustering_diagnostics",
    "Table label is not referenced in report prose: tab:clustering_metrics",
    "Each displayed formula must have one label and a prose reference",
    "Report must state the actual resolution-selection criterion and ARI stability filter/tie-breaker"
  ],
  "checks": {
    "methods": 1,
    "figures": 2,
    "three_line_tables": 1,
    "formulas": 1,
    "pdf_pages": 6,
    "rendered_pages": 6,
    "references": 1
  }
}
[tool] read_file
[auto-continue] phase=bundle_repair; completion not verified
[tool] read_file
[tool] write_file
[tool] build_research_report
[tool] validate_research_bundle
[tool-error] validate_research_bundle: {
  "valid": false,
  "checked_at": "2026-09-17T17:05:51.993088+00:00",
  "manifest_path": "results/analysis_manifest.json",
  "manifest_sha256": "943c00dbe360cfe2e53b31dcde570ea191ba412fcf8deb248816d06964564eca",
  "errors": [
    "Figure label is not referenced in report prose: fig:clustering_diagnostics",
    "Report must include at least one booktabs three-line table",
    "Each displayed formula must have one label and a prose reference",
    "Report must state the actual resolution-selection criterion and ARI stability filter/tie-breaker",
    "Report must state the observed random-control exceedance count (0 of 19)"
  ],
  "checks": {
    "methods": 1,
    "figures": 2,
    "three_line_tables": 0,
    "formulas": 1,
    "pdf_pages": 5,
    "rendered_pages": 5,
    "references": 1
  }
}
[tool] read_file
[auto-continue] phase=bundle_repair; completion not verified
[tool] replace_in_file
[tool-error] read_file: Tool is not currently advertised: read_file
[tool] task_checkpoint
[tool-error] run_shell: Tool is not currently advertised: run_shell
[tool] task_checkpoint
[tool-error] write_file: Tool is not currently advertised: write_file
[tool-error] run_shell: Tool is not currently advertised: run_shell
[tool] task_checkpoint
[tool] build_research_report
[tool] validate_research_bundle
[tool-error] validate_research_bundle: {
  "valid": false,
  "checked_at": "2026-09-17T17:27:37.862751+00:00",
  "manifest_path": "results/analysis_manifest.json",
  "manifest_sha256": "943c00dbe360cfe2e53b31dcde570ea191ba412fcf8deb248816d06964564eca",
  "errors": [
    "Report assigns statistical significance without a valid inferential test",
    "Report turns the random-control rank into a definitive better/worse claim",
    "Figure label is not referenced in report prose: fig:clustering_diagnostics",
    "Report must include at least one booktabs three-line table",
    "Each displayed formula must have one label and a prose reference",
    "Report must state the actual resolution-selection criterion and ARI stability filter/tie-breaker",
    "Report must state the observed random-control exceedance count (0 of 19)"
  ],
  "checks": {
    "methods": 1,
    "figures": 2,
    "three_line_tables": 0,
    "formulas": 1,
    "pdf_pages": 5,
    "rendered_pages": 5,
    "references": 1
  }
}
